Running Gradle task 'assembleDebug'...                             16.9s
ΓêÜ Built build\app\outputs\flutter-apk\app-debug.apk
